 
****************************************
Report : cell
Design : SYNDROME_CHECK
Version: Q-2019.12-SP5-5
Date   : Thu Apr  6 23:34:23 2023
****************************************

Attributes:
    b - black box (unknown)
    h - hierarchical
    n - noncombinational
    r - removable
    u - contains unmapped logic

Cell                      Reference       Library             Area  Attributes
--------------------------------------------------------------------------------
U229                      STQ_INV_S_1     um28nchllogl35hsl140f_ssgwc0p9v125c
                                                          0.336000  
U230                      STQ_EO3_2       um28nchllogl35hsl140f_ssgwc0p9v125c
                                                          2.688000  
U231                      STQ_EN2_S_1     um28nchllogl35hsl140f_ssgwc0p9v125c
                                                          1.512000  
U232                      STQ_INV_S_0P65  um28nchllogl35hsl140f_ssgwc0p9v125c
                                                          0.336000  
U233                      STQ_EO3_1       um28nchllogl35hsl140f_ssgwc0p9v125c
                                                          2.184000  
U234                      STQ_EO3_1       um28nchllogl35hsl140f_ssgwc0p9v125c
                                                          2.184000  
U235                      STQ_EO3_0P5     um28nchllogl35hsl140f_ssgwc0p9v125c
                                                          1.512000  
U236                      STQ_EO3_2       um28nchllogl35hsl140f_ssgwc0p9v125c
                                                          2.688000  
U237                      STQ_EO3_2       um28nchllogl35hsl140f_ssgwc0p9v125c
                                                          2.688000  
U238                      STQ_EO3_2       um28nchllogl35hsl140f_ssgwc0p9v125c
                                                          2.688000  
U239                      STQ_EO3_2       um28nchllogl35hsl140f_ssgwc0p9v125c
                                                          2.688000  
U240                      STQ_EN2_S_1     um28nchllogl35hsl140f_ssgwc0p9v125c
                                                          1.512000  
U241                      STQ_EN2_S_1     um28nchllogl35hsl140f_ssgwc0p9v125c
                                                          1.512000  
U242                      STQ_EN2_S_1     um28nchllogl35hsl140f_ssgwc0p9v125c
                                                          1.512000  
U243                      STQ_EN2_S_1     um28nchllogl35hsl140f_ssgwc0p9v125c
                                                          1.512000  
U244                      STQ_EO3_1       um28nchllogl35hsl140f_ssgwc0p9v125c
                                                          2.184000  
U245                      STQ_EO3_1       um28nchllogl35hsl140f_ssgwc0p9v125c
                                                          2.184000  
U246                      STQ_EO3_1       um28nchllogl35hsl140f_ssgwc0p9v125c
                                                          2.184000  
U247                      STQ_EO3_1       um28nchllogl35hsl140f_ssgwc0p9v125c
                                                          2.184000  
U248                      STQ_EO3_2       um28nchllogl35hsl140f_ssgwc0p9v125c
                                                          2.688000  
U249                      STQ_EO3_1       um28nchllogl35hsl140f_ssgwc0p9v125c
                                                          2.184000  
U250                      STQ_EO3_1       um28nchllogl35hsl140f_ssgwc0p9v125c
                                                          2.184000  
U251                      STQ_EO3_2       um28nchllogl35hsl140f_ssgwc0p9v125c
                                                          2.688000  
U252                      STQ_EN2_S_1     um28nchllogl35hsl140f_ssgwc0p9v125c
                                                          1.512000  
U253                      STQ_EN2_S_1     um28nchllogl35hsl140f_ssgwc0p9v125c
                                                          1.512000  
U254                      STQ_EN2_S_1     um28nchllogl35hsl140f_ssgwc0p9v125c
                                                          1.512000  
U255                      STQ_EN2_S_1     um28nchllogl35hsl140f_ssgwc0p9v125c
                                                          1.512000  
U256                      STQ_EO3_1       um28nchllogl35hsl140f_ssgwc0p9v125c
                                                          2.184000  
U257                      STQ_EO3_1       um28nchllogl35hsl140f_ssgwc0p9v125c
                                                          2.184000  
U258                      STQ_EO3_1       um28nchllogl35hsl140f_ssgwc0p9v125c
                                                          2.184000  
U259                      STQ_EO2_1       um28nchllogl35hsl140f_ssgwc0p9v125c
                                                          1.512000  
U260                      STQ_EO2_S_4     um28nchllogl35hsl140f_ssgwc0p9v125c
                                                          2.688000  
U261                      STQ_EO3_1       um28nchllogl35hsl140f_ssgwc0p9v125c
                                                          2.184000  
U262                      STQ_INV_S_0P65  um28nchllogl35hsl140f_ssgwc0p9v125c
                                                          0.336000  
U263                      STQ_EN2_4       um28nchllogl35hsl140f_ssgwc0p9v125c
                                                          3.024000  
U264                      STQ_EN2_4       um28nchllogl35hsl140f_ssgwc0p9v125c
                                                          3.024000  
U265                      STQ_EN2_4       um28nchllogl35hsl140f_ssgwc0p9v125c
                                                          3.024000  
U266                      STQ_EN2_S_2     um28nchllogl35hsl140f_ssgwc0p9v125c
                                                          1.680000  
U267                      STQ_EN2_4       um28nchllogl35hsl140f_ssgwc0p9v125c
                                                          3.024000  
U268                      STQ_EO2_S_2     um28nchllogl35hsl140f_ssgwc0p9v125c
                                                          1.512000  
U269                      STQ_INV_S_1     um28nchllogl35hsl140f_ssgwc0p9v125c
                                                          0.336000  
U270                      STQ_EN2_6       um28nchllogl35hsl140f_ssgwc0p9v125c
                                                          4.536000  
U271                      STQ_EN2_S_2     um28nchllogl35hsl140f_ssgwc0p9v125c
                                                          1.680000  
U272                      STQ_OR2_2       um28nchllogl35hsl140f_ssgwc0p9v125c
                                                          0.840000  
U273                      STQ_EN3_1       um28nchllogl35hsl140f_ssgwc0p9v125c
                                                          2.184000  
U274                      STQ_INV_S_1     um28nchllogl35hsl140f_ssgwc0p9v125c
                                                          0.336000  
U275                      STQ_EN3_1       um28nchllogl35hsl140f_ssgwc0p9v125c
                                                          2.184000  
U276                      STQ_EO2_1       um28nchllogl35hsl140f_ssgwc0p9v125c
                                                          1.512000  
U277                      STQ_EO2_1       um28nchllogl35hsl140f_ssgwc0p9v125c
                                                          1.512000  
U278                      STQ_EO2_1       um28nchllogl35hsl140f_ssgwc0p9v125c
                                                          1.512000  
U279                      STQ_EN2_4       um28nchllogl35hsl140f_ssgwc0p9v125c
                                                          3.024000  
U280                      STQ_NR4_2       um28nchllogl35hsl140f_ssgwc0p9v125c
                                                          1.512000  
U281                      STQ_EO3_2       um28nchllogl35hsl140f_ssgwc0p9v125c
                                                          2.688000  
U282                      STQ_EO3_2       um28nchllogl35hsl140f_ssgwc0p9v125c
                                                          2.688000  
U283                      STQ_EO3_2       um28nchllogl35hsl140f_ssgwc0p9v125c
                                                          2.688000  
U284                      STQ_EO2_S_2     um28nchllogl35hsl140f_ssgwc0p9v125c
                                                          1.512000  
U285                      STQ_EO3_3       um28nchllogl35hsl140f_ssgwc0p9v125c
                                                          4.200000  
U286                      STQ_EO3_3       um28nchllogl35hsl140f_ssgwc0p9v125c
                                                          4.200000  
U287                      STQ_EN2_S_2     um28nchllogl35hsl140f_ssgwc0p9v125c
                                                          1.680000  
U288                      STQ_EN2_S_2     um28nchllogl35hsl140f_ssgwc0p9v125c
                                                          1.680000  
U289                      STQ_EO3_1       um28nchllogl35hsl140f_ssgwc0p9v125c
                                                          2.184000  
U290                      STQ_EO2_1       um28nchllogl35hsl140f_ssgwc0p9v125c
                                                          1.512000  
U291                      STQ_EN2_S_2     um28nchllogl35hsl140f_ssgwc0p9v125c
                                                          1.680000  
U292                      STQ_EN2_4       um28nchllogl35hsl140f_ssgwc0p9v125c
                                                          3.024000  
U293                      STQ_INV_S_1     um28nchllogl35hsl140f_ssgwc0p9v125c
                                                          0.336000  
U294                      STQ_EO3_2       um28nchllogl35hsl140f_ssgwc0p9v125c
                                                          2.688000  
U295                      STQ_EO3_2       um28nchllogl35hsl140f_ssgwc0p9v125c
                                                          2.688000  
U296                      STQ_EN2_4       um28nchllogl35hsl140f_ssgwc0p9v125c
                                                          3.024000  
U297                      STQ_EO3_3       um28nchllogl35hsl140f_ssgwc0p9v125c
                                                          4.200000  
U298                      STQ_EN2_4       um28nchllogl35hsl140f_ssgwc0p9v125c
                                                          3.024000  
U299                      STQ_EN2_4       um28nchllogl35hsl140f_ssgwc0p9v125c
                                                          3.024000  
U300                      STQ_EO3_1       um28nchllogl35hsl140f_ssgwc0p9v125c
                                                          2.184000  
U301                      STQ_EN2_S_2     um28nchllogl35hsl140f_ssgwc0p9v125c
                                                          1.680000  
U302                      STQ_EN2_4       um28nchllogl35hsl140f_ssgwc0p9v125c
                                                          3.024000  
U303                      STQ_EO3_2       um28nchllogl35hsl140f_ssgwc0p9v125c
                                                          2.688000  
U304                      STQ_EN2_4       um28nchllogl35hsl140f_ssgwc0p9v125c
                                                          3.024000  
U305                      STQ_INV_S_1     um28nchllogl35hsl140f_ssgwc0p9v125c
                                                          0.336000  
U306                      STQ_EO2_S_2     um28nchllogl35hsl140f_ssgwc0p9v125c
                                                          1.512000  
U307                      STQ_EN2_S_2     um28nchllogl35hsl140f_ssgwc0p9v125c
                                                          1.680000  
U308                      STQ_EN2_S_2     um28nchllogl35hsl140f_ssgwc0p9v125c
                                                          1.680000  
U309                      STQ_EN2_S_2     um28nchllogl35hsl140f_ssgwc0p9v125c
                                                          1.680000  
U310                      STQ_EN2_S_2     um28nchllogl35hsl140f_ssgwc0p9v125c
                                                          1.680000  
U311                      STQ_EO3_1       um28nchllogl35hsl140f_ssgwc0p9v125c
                                                          2.184000  
U312                      STQ_EO2_S_2     um28nchllogl35hsl140f_ssgwc0p9v125c
                                                          1.512000  
U313                      STQ_INV_S_1     um28nchllogl35hsl140f_ssgwc0p9v125c
                                                          0.336000  
U314                      STQ_EO2_S_2     um28nchllogl35hsl140f_ssgwc0p9v125c
                                                          1.512000  
U315                      STQ_EO3_1       um28nchllogl35hsl140f_ssgwc0p9v125c
                                                          2.184000  
U316                      STQ_EO3_1       um28nchllogl35hsl140f_ssgwc0p9v125c
                                                          2.184000  
U317                      STQ_EO2_S_2     um28nchllogl35hsl140f_ssgwc0p9v125c
                                                          1.512000  
U318                      STQ_EO2_S_2     um28nchllogl35hsl140f_ssgwc0p9v125c
                                                          1.512000  
U319                      STQ_EN2_S_2     um28nchllogl35hsl140f_ssgwc0p9v125c
                                                          1.680000  
U320                      STQ_EO3_1       um28nchllogl35hsl140f_ssgwc0p9v125c
                                                          2.184000  
U321                      STQ_EO3_1       um28nchllogl35hsl140f_ssgwc0p9v125c
                                                          2.184000  
U322                      STQ_EO2_S_2     um28nchllogl35hsl140f_ssgwc0p9v125c
                                                          1.512000  
U323                      STQ_EO3_2       um28nchllogl35hsl140f_ssgwc0p9v125c
                                                          2.688000  
U324                      STQ_NR4_1       um28nchllogl35hsl140f_ssgwc0p9v125c
                                                          0.840000  
U325                      STQ_EO2_S_2     um28nchllogl35hsl140f_ssgwc0p9v125c
                                                          1.512000  
U326                      STQ_EO3_0P5     um28nchllogl35hsl140f_ssgwc0p9v125c
                                                          1.512000  
U327                      STQ_EO3_2       um28nchllogl35hsl140f_ssgwc0p9v125c
                                                          2.688000  
U328                      STQ_EO3_1       um28nchllogl35hsl140f_ssgwc0p9v125c
                                                          2.184000  
U329                      STQ_EO3_2       um28nchllogl35hsl140f_ssgwc0p9v125c
                                                          2.688000  
U330                      STQ_EO3_1       um28nchllogl35hsl140f_ssgwc0p9v125c
                                                          2.184000  
U331                      STQ_EO3_1       um28nchllogl35hsl140f_ssgwc0p9v125c
                                                          2.184000  
U332                      STQ_EN2_S_2     um28nchllogl35hsl140f_ssgwc0p9v125c
                                                          1.680000  
U333                      STQ_EO3_1       um28nchllogl35hsl140f_ssgwc0p9v125c
                                                          2.184000  
U334                      STQ_EO3_1       um28nchllogl35hsl140f_ssgwc0p9v125c
                                                          2.184000  
U335                      STQ_EO3_1       um28nchllogl35hsl140f_ssgwc0p9v125c
                                                          2.184000  
U336                      STQ_EO3_1       um28nchllogl35hsl140f_ssgwc0p9v125c
                                                          2.184000  
U337                      STQ_EO3_2       um28nchllogl35hsl140f_ssgwc0p9v125c
                                                          2.688000  
U338                      STQ_EN2_S_2     um28nchllogl35hsl140f_ssgwc0p9v125c
                                                          1.680000  
U339                      STQ_EN2_S_2     um28nchllogl35hsl140f_ssgwc0p9v125c
                                                          1.680000  
U340                      STQ_EN2_S_2     um28nchllogl35hsl140f_ssgwc0p9v125c
                                                          1.680000  
U341                      STQ_EO3_1       um28nchllogl35hsl140f_ssgwc0p9v125c
                                                          2.184000  
U342                      STQ_EN3_3       um28nchllogl35hsl140f_ssgwc0p9v125c
                                                          4.032000  
U343                      STQ_EN3_1       um28nchllogl35hsl140f_ssgwc0p9v125c
                                                          2.184000  
U344                      STQ_EO3_3       um28nchllogl35hsl140f_ssgwc0p9v125c
                                                          4.200000  
U345                      STQ_EN3_3       um28nchllogl35hsl140f_ssgwc0p9v125c
                                                          4.032000  
U346                      STQ_EN3_3       um28nchllogl35hsl140f_ssgwc0p9v125c
                                                          4.032000  
U347                      STQ_EN3_3       um28nchllogl35hsl140f_ssgwc0p9v125c
                                                          4.032000  
U348                      STQ_EN3_3       um28nchllogl35hsl140f_ssgwc0p9v125c
                                                          4.032000  
U349                      STQ_EN3_3       um28nchllogl35hsl140f_ssgwc0p9v125c
                                                          4.032000  
U350                      STQ_EN3_3       um28nchllogl35hsl140f_ssgwc0p9v125c
                                                          4.032000  
U351                      STQ_ND4_MM_1    um28nchllogl35hsl140f_ssgwc0p9v125c
                                                          0.840000  
U352                      STQ_EN2_S_2     um28nchllogl35hsl140f_ssgwc0p9v125c
                                                          1.680000  
U353                      STQ_EN2_4       um28nchllogl35hsl140f_ssgwc0p9v125c
                                                          3.024000  
U354                      STQ_EO3_2       um28nchllogl35hsl140f_ssgwc0p9v125c
                                                          2.688000  
U355                      STQ_EN2_S_2     um28nchllogl35hsl140f_ssgwc0p9v125c
                                                          1.680000  
U356                      STQ_EN2_S_2     um28nchllogl35hsl140f_ssgwc0p9v125c
                                                          1.680000  
U357                      STQ_EO3_2       um28nchllogl35hsl140f_ssgwc0p9v125c
                                                          2.688000  
U358                      STQ_EO3_2       um28nchllogl35hsl140f_ssgwc0p9v125c
                                                          2.688000  
U359                      STQ_EO3_2       um28nchllogl35hsl140f_ssgwc0p9v125c
                                                          2.688000  
U360                      STQ_EN2_4       um28nchllogl35hsl140f_ssgwc0p9v125c
                                                          3.024000  
U361                      STQ_EO3_3       um28nchllogl35hsl140f_ssgwc0p9v125c
                                                          4.200000  
U362                      STQ_EO2_S_2     um28nchllogl35hsl140f_ssgwc0p9v125c
                                                          1.512000  
U363                      STQ_EO3_0P5     um28nchllogl35hsl140f_ssgwc0p9v125c
                                                          1.512000  
U364                      STQ_EN2_4       um28nchllogl35hsl140f_ssgwc0p9v125c
                                                          3.024000  
U365                      STQ_EN2_4       um28nchllogl35hsl140f_ssgwc0p9v125c
                                                          3.024000  
U366                      STQ_EN2_S_1     um28nchllogl35hsl140f_ssgwc0p9v125c
                                                          1.512000  
U367                      STQ_EO2_S_2     um28nchllogl35hsl140f_ssgwc0p9v125c
                                                          1.512000  
U368                      STQ_EO2_S_2     um28nchllogl35hsl140f_ssgwc0p9v125c
                                                          1.512000  
U369                      STQ_EO2_1       um28nchllogl35hsl140f_ssgwc0p9v125c
                                                          1.512000  
U370                      STQ_EO3_2       um28nchllogl35hsl140f_ssgwc0p9v125c
                                                          2.688000  
U371                      STQ_EO3_1       um28nchllogl35hsl140f_ssgwc0p9v125c
                                                          2.184000  
U372                      STQ_EO3_2       um28nchllogl35hsl140f_ssgwc0p9v125c
                                                          2.688000  
U373                      STQ_EO3_2       um28nchllogl35hsl140f_ssgwc0p9v125c
                                                          2.688000  
U374                      STQ_EO2_S_2     um28nchllogl35hsl140f_ssgwc0p9v125c
                                                          1.512000  
U375                      STQ_EO3_1       um28nchllogl35hsl140f_ssgwc0p9v125c
                                                          2.184000  
U376                      STQ_EO2_S_2     um28nchllogl35hsl140f_ssgwc0p9v125c
                                                          1.512000  
U377                      STQ_EN2_8       um28nchllogl35hsl140f_ssgwc0p9v125c
                                                          5.880000  
U378                      STQ_EN2_S_2     um28nchllogl35hsl140f_ssgwc0p9v125c
                                                          1.680000  
U379                      STQ_EO2_S_2     um28nchllogl35hsl140f_ssgwc0p9v125c
                                                          1.512000  
U380                      STQ_EO3_2       um28nchllogl35hsl140f_ssgwc0p9v125c
                                                          2.688000  
U381                      STQ_EO2_S_2     um28nchllogl35hsl140f_ssgwc0p9v125c
                                                          1.512000  
U382                      STQ_EO3_2       um28nchllogl35hsl140f_ssgwc0p9v125c
                                                          2.688000  
U383                      STQ_EO2_S_2     um28nchllogl35hsl140f_ssgwc0p9v125c
                                                          1.512000  
U384                      STQ_EO2_S_2     um28nchllogl35hsl140f_ssgwc0p9v125c
                                                          1.512000  
U385                      STQ_EO3_2       um28nchllogl35hsl140f_ssgwc0p9v125c
                                                          2.688000  
U386                      STQ_EO2_S_2     um28nchllogl35hsl140f_ssgwc0p9v125c
                                                          1.512000  
U387                      STQ_EN2_S_2     um28nchllogl35hsl140f_ssgwc0p9v125c
                                                          1.680000  
U388                      STQ_EO3_0P5     um28nchllogl35hsl140f_ssgwc0p9v125c
                                                          1.512000  
U389                      STQ_EO3_3       um28nchllogl35hsl140f_ssgwc0p9v125c
                                                          4.200000  
U390                      STQ_EO2_S_2     um28nchllogl35hsl140f_ssgwc0p9v125c
                                                          1.512000  
U391                      STQ_EO3_1       um28nchllogl35hsl140f_ssgwc0p9v125c
                                                          2.184000  
U392                      STQ_EO3_0P5     um28nchllogl35hsl140f_ssgwc0p9v125c
                                                          1.512000  
U393                      STQ_EN3_3       um28nchllogl35hsl140f_ssgwc0p9v125c
                                                          4.032000  
U394                      STQ_EO2_S_2     um28nchllogl35hsl140f_ssgwc0p9v125c
                                                          1.512000  
U395                      STQ_EO2_S_2     um28nchllogl35hsl140f_ssgwc0p9v125c
                                                          1.512000  
U396                      STQ_EO3_1       um28nchllogl35hsl140f_ssgwc0p9v125c
                                                          2.184000  
U397                      STQ_EO2_S_2     um28nchllogl35hsl140f_ssgwc0p9v125c
                                                          1.512000  
U398                      STQ_EO3_1       um28nchllogl35hsl140f_ssgwc0p9v125c
                                                          2.184000  
U399                      STQ_EO3_0P5     um28nchllogl35hsl140f_ssgwc0p9v125c
                                                          1.512000  
U400                      STQ_EO3_2       um28nchllogl35hsl140f_ssgwc0p9v125c
                                                          2.688000  
U401                      STQ_EO2_S_2     um28nchllogl35hsl140f_ssgwc0p9v125c
                                                          1.512000  
U402                      STQ_EO3_0P5     um28nchllogl35hsl140f_ssgwc0p9v125c
                                                          1.512000  
U403                      STQ_EO2_S_2     um28nchllogl35hsl140f_ssgwc0p9v125c
                                                          1.512000  
U404                      STQ_EO2_S_2     um28nchllogl35hsl140f_ssgwc0p9v125c
                                                          1.512000  
U405                      STQ_EO2_S_2     um28nchllogl35hsl140f_ssgwc0p9v125c
                                                          1.512000  
U406                      STQ_EO3_0P5     um28nchllogl35hsl140f_ssgwc0p9v125c
                                                          1.512000  
U407                      STQ_EO2_S_2     um28nchllogl35hsl140f_ssgwc0p9v125c
                                                          1.512000  
U408                      STQ_EO3_3       um28nchllogl35hsl140f_ssgwc0p9v125c
                                                          4.200000  
U409                      STQ_EO2_S_2     um28nchllogl35hsl140f_ssgwc0p9v125c
                                                          1.512000  
U410                      STQ_EO2_S_2     um28nchllogl35hsl140f_ssgwc0p9v125c
                                                          1.512000  
U411                      STQ_EO3_2       um28nchllogl35hsl140f_ssgwc0p9v125c
                                                          2.688000  
U412                      STQ_EO2_S_2     um28nchllogl35hsl140f_ssgwc0p9v125c
                                                          1.512000  
U413                      STQ_EO3_0P5     um28nchllogl35hsl140f_ssgwc0p9v125c
                                                          1.512000  
U414                      STQ_EO3_2       um28nchllogl35hsl140f_ssgwc0p9v125c
                                                          2.688000  
U415                      STQ_EO3_0P5     um28nchllogl35hsl140f_ssgwc0p9v125c
                                                          1.512000  
U416                      STQ_EO2_S_2     um28nchllogl35hsl140f_ssgwc0p9v125c
                                                          1.512000  
U417                      STQ_EN2_S_1     um28nchllogl35hsl140f_ssgwc0p9v125c
                                                          1.512000  
U418                      STQ_EO3_3       um28nchllogl35hsl140f_ssgwc0p9v125c
                                                          4.200000  
U419                      STQ_EO3_3       um28nchllogl35hsl140f_ssgwc0p9v125c
                                                          4.200000  
U420                      STQ_EO2_S_2     um28nchllogl35hsl140f_ssgwc0p9v125c
                                                          1.512000  
U421                      STQ_EO3_2       um28nchllogl35hsl140f_ssgwc0p9v125c
                                                          2.688000  
U422                      STQ_EN3_1       um28nchllogl35hsl140f_ssgwc0p9v125c
                                                          2.184000  
U423                      STQ_NR3B_MG_2   um28nchllogl35hsl140f_ssgwc0p9v125c
                                                          1.344000  
U424                      STQ_NR4_2       um28nchllogl35hsl140f_ssgwc0p9v125c
                                                          1.512000  
--------------------------------------------------------------------------------
Total 196 cells                                           424.367994
1
