 
****************************************
Report : resources
Design : UNITY_DECODER
Version: Q-2019.12-SP5-5
Date   : Thu Apr  6 13:16:20 2023
****************************************


Resource Report for this hierarchy
=============================================================================
| Cell           | Module         | Parameters | Contained Operations       |
=============================================================================
| DP_OP_34J2_122_3170             |            |                            |
|                | DP_OP_34J2_122_3170 |       |                            |
=============================================================================

Datapath Report for DP_OP_34J2_122_3170
==============================================================================
| Cell                 | Contained Operations                                |
==============================================================================
| DP_OP_34J2_122_3170  | error_location/sub_8 (ERROR_LOCATION.sv:8)          |
|                      | error_location/sub_8_2 (ERROR_LOCATION.sv:8)        |
==============================================================================

==============================================================================
|       |      | Data     |       |                                          |
| Var   | Type | Class    | Width | Expression                               |
==============================================================================
| I1    | PI   | Signed   | 8     |                                          |
| I2    | PI   | Signed   | 8     |                                          |
| O1    | PO   | Signed   | 8     | I1 - I2 (ERROR_LOCATION.sv:8)            |
==============================================================================


Resource Report for Ungrouped Hierarchy sse_corrector in file
        /home/kkh/SSC_DSD/Unity_ECC/Decoder/rtl/SSE_CORRECTOR.sv
=============================================================================
| Cell           | Module         | Parameters | Contained Operations       |
=============================================================================
| gt_x_46        | DW_cmp         | width=8    | error_location/gt_8 (ERROR_LOCATION.sv:8) |
=============================================================================


Implementation Report
===============================================================================
|                    |                  | Current            | Set            |
| Cell               | Module           | Implementation     | Implementation |
===============================================================================
| gt_x_46            | DW_cmp           | apparch (area)     |                |
| DP_OP_34J2_122_3170                   |                    |                |
|                    | DP_OP_34J2_122_3170 | str (area)      |                |
===============================================================================

1
