 
****************************************
check_design summary:
Version:     Q-2019.12-SP5-5
Date:        Thu Apr  6 13:16:19 2023
****************************************

                   Name                                            Total
--------------------------------------------------------------------------------
Inputs/Outputs                                                     16
    Unconnected ports (LINT-28)                                    16

Cells                                                               1
    Nets connected to multiple pins on same cell (LINT-33)          1
--------------------------------------------------------------------------------

Warning: In design 'DE_CORRECTOR', port 'codeword_in[15]' is not connected to any nets. (LINT-28)
Warning: In design 'DE_CORRECTOR', port 'codeword_in[14]' is not connected to any nets. (LINT-28)
Warning: In design 'DE_CORRECTOR', port 'codeword_in[13]' is not connected to any nets. (LINT-28)
Warning: In design 'DE_CORRECTOR', port 'codeword_in[12]' is not connected to any nets. (LINT-28)
Warning: In design 'DE_CORRECTOR', port 'codeword_in[11]' is not connected to any nets. (LINT-28)
Warning: In design 'DE_CORRECTOR', port 'codeword_in[10]' is not connected to any nets. (LINT-28)
Warning: In design 'DE_CORRECTOR', port 'codeword_in[9]' is not connected to any nets. (LINT-28)
Warning: In design 'DE_CORRECTOR', port 'codeword_in[8]' is not connected to any nets. (LINT-28)
Warning: In design 'DE_CORRECTOR', port 'codeword_in[7]' is not connected to any nets. (LINT-28)
Warning: In design 'DE_CORRECTOR', port 'codeword_in[6]' is not connected to any nets. (LINT-28)
Warning: In design 'DE_CORRECTOR', port 'codeword_in[5]' is not connected to any nets. (LINT-28)
Warning: In design 'DE_CORRECTOR', port 'codeword_in[4]' is not connected to any nets. (LINT-28)
Warning: In design 'DE_CORRECTOR', port 'codeword_in[3]' is not connected to any nets. (LINT-28)
Warning: In design 'DE_CORRECTOR', port 'codeword_in[2]' is not connected to any nets. (LINT-28)
Warning: In design 'DE_CORRECTOR', port 'codeword_in[1]' is not connected to any nets. (LINT-28)
Warning: In design 'DE_CORRECTOR', port 'codeword_in[0]' is not connected to any nets. (LINT-28)
Warning: In design 'UNITY_DECODER', the same net is connected to more than one pin on submodule 'de_corrector'. (LINT-33)
   Net 'n32' is connected to pins 'codeword_in[15]', 'codeword_in[14]'', 'codeword_in[13]', 'codeword_in[12]', 'codeword_in[11]', 'codeword_in[10]', 'codeword_in[9]', 'codeword_in[8]', 'codeword_in[7]', 'codeword_in[6]', 'codeword_in[5]', 'codeword_in[4]', 'codeword_in[3]', 'codeword_in[2]', 'codeword_in[1]', 'codeword_in[0]'.
1
