 
****************************************
Report : area
Design : UNITY_ENCODER
Version: Q-2019.12-SP5-5
Date   : Wed Apr 19 15:04:07 2023
****************************************

Library(s) Used:

    um28nchllogl35hsl140f_ssgwc0p9v125c (File: /media/0/LogicLibraries/UMC/28nm/35hs/hsl/lvt/latest/liberty/logic_synth/um28nchllogl35hsl140f_ssgwc0p9v125c.db)

Number of ports:                          144
Number of nets:                           230
Number of cells:                          166
Number of combinational cells:            166
Number of sequential cells:                 0
Number of macros/black boxes:               0
Number of buf/inv:                          1
Number of references:                      12

Combinational area:                264.263995
Buf/Inv area:                        0.336000
Noncombinational area:               0.000000
Macro/Black Box area:                0.000000
Net Interconnect area:      undefined  (Wire load has zero net area)

Total cell area:                   264.263995
Total area:                 undefined

The above information was reported from the logical library. The following are from the physical library:

Hierarchical area distribution
------------------------------

                                  Global cell area          Local cell area
                                  ------------------  --------------------------- 
Hierarchical cell                 Absolute   Percent  Combi-    Noncombi-  Black-
                                  Total      Total    national  national   boxes   Design
--------------------------------  ---------  -------  --------  ---------  ------  ---------
UNITY_ENCODER                      264.2640    100.0  264.2640     0.0000  0.0000  UNITY_ENCODER
--------------------------------  ---------  -------  --------  ---------  ------  ---------
Total                                                 264.2640     0.0000  0.0000

1
